// Jest Snapshot v1, https://goo.gl/fbAQLP

exports[`<PassswordResetEmailReqForm/> renders correctly 1`] = `
<PasswordResetEmailReqForm
  closeErrorModal={[Function]}
  closeSuccessModal={[Function]}
  email=""
  emailNotFound={false}
  handleEmailUpdate={[Function]}
  handleSubmit={[Function]}
  passwordResetEmailSent={false}
/>
`;

exports[`<PassswordResetEmailReqForm/> renders correctly 2`] = `
<Wrapper
  tight={true}
>
  <FormContainer>
    <form
      onSubmit={[Function]}
    >
      <Fieldset>
        <Legend>
          Request an email to reset your password.
        </Legend>
        <Label>
          Email address:
        </Label>
        <Input
          id="email"
          name="email"
          onChange={[Function]}
          type="email"
          value=""
        />
      </Fieldset>
      <Button
        type="submit"
      >
        Send me an email
      </Button>
    </form>
  </FormContainer>
</Wrapper>
`;
