// Jest Snapshot v1, https://goo.gl/fbAQLP

exports[`<UserPasswordFormContainer/> renders correctly 1`] = `
<UserPasswordForm
  confirmPassword=""
  currentPassword=""
  handleConfirmPasswordUpdate={[Function]}
  handleCurrentPasswordUpdate={[Function]}
  handleNewPasswordUpdate={[Function]}
  handleSubmit={[Function]}
  newPassword=""
/>
`;

exports[`<UserPasswordFormContainer/> renders correctly 2`] = `
<Wrapper
  tight={true}
>
  <FormContainer>
    <form
      onSubmit={[Function]}
    >
      <Fieldset>
        <Legend>
          Update your password
        </Legend>
        <Label
          htmlFor="current-password"
        >
          Current password:
        </Label>
        <Input
          id="current-password"
          name="current_password"
          onChange={[Function]}
          type="password"
          value=""
        />
        <Label
          htmlFor="new-password"
        >
          New password:
        </Label>
        <Input
          id="new-password"
          name="new_password"
          onChange={[Function]}
          type="password"
          value=""
        />
        <Label
          htmlFor="confirm-new-password"
        >
          Confirm new password:
        </Label>
        <Input
          id="confirm-password"
          name="confirm_password"
          onChange={[Function]}
          type="password"
          value=""
        />
      </Fieldset>
      <Button
        type="submit"
      >
        Save
      </Button>
    </form>
  </FormContainer>
</Wrapper>
`;
