// Jest Snapshot v1, https://goo.gl/fbAQLP

exports[`<PasswordResetFormContainer/> renders correctly 1`] = `
<PasswordResetForm
  confirmPassword=""
  handleConfirmPasswordUpdate={[Function]}
  handlePasswordUpdate={[Function]}
  handleSubmit={[Function]}
  password=""
/>
`;

exports[`<PasswordResetFormContainer/> renders correctly 2`] = `
<Wrapper
  tight={true}
>
  <FormContainer>
    <form
      onSubmit={[Function]}
    >
      <FormTitle>
        Update your password
      </FormTitle>
      <Fieldset>
        <Legend>
          Enter your new password into the fields below.
        </Legend>
        <Label
          htmlFor="password"
        >
          Password:
        </Label>
        <Input
          id="password"
          name="password"
          onChange={[Function]}
          type="password"
          value=""
        />
        <Label
          htmlFor="confirm-password"
        >
          Confirm Password:
        </Label>
        <Input
          id="confirm-password"
          name="confirm_password"
          onChange={[Function]}
          type="password"
          value=""
        />
      </Fieldset>
      <Button
        type="submit"
      >
        Update Password
      </Button>
    </form>
  </FormContainer>
</Wrapper>
`;
